// Jest Snapshot v1, https://goo.gl/fbAQLP

exports[`<Accordion/> opens and closes the <Accordion/> component 1`] = `
<div
  class="accordion__Container-sc-1lvdcg-0 eMxVwL"
>
  <div
    class="accordion__Inner-sc-1lvdcg-1 kdJKdM"
  >
    <h1
      class="accordion__Title-sc-1lvdcg-5 dPgPv"
    >
       Frequently Asked Questions 
       
    </h1>
    <div
      class="accordion__Item-sc-1lvdcg-2 fDTXFQ"
    >
      <div
        class="accordion__Header-sc-1lvdcg-3 fcOkTQ"
      >
        What is Netflix?
         
        <img
          alt="open"
          src="/images/icons/add.png"
        />
      </div>
    </div>
    <div
      class="accordion__Item-sc-1lvdcg-2 fDTXFQ"
    >
      <div
        class="accordion__Header-sc-1lvdcg-3 fcOkTQ"
      >
        How much does Netflix cost?
         
        <img
          alt="open"
          src="/images/icons/add.png"
        />
      </div>
    </div>
    <div
      class="accordion__Item-sc-1lvdcg-2 fDTXFQ"
    >
      <div
        class="accordion__Header-sc-1lvdcg-3 fcOkTQ"
      >
        Where can I watch?
         
        <img
          alt="open"
          src="/images/icons/add.png"
        />
      </div>
    </div>
    <div
      class="accordion__Item-sc-1lvdcg-2 fDTXFQ"
    >
      <div
        class="accordion__Header-sc-1lvdcg-3 fcOkTQ"
      >
        How do I cancel?
         
        <img
          alt="open"
          src="/images/icons/add.png"
        />
      </div>
    </div>
    <div
      class="accordion__Item-sc-1lvdcg-2 fDTXFQ"
    >
      <div
        class="accordion__Header-sc-1lvdcg-3 fcOkTQ"
      >
        What can I watch on Netflix?
         
        <img
          alt="open"
          src="/images/icons/add.png"
        />
      </div>
    </div>
     
  </div>
</div>
`;

exports[`<Accordion/> renders the <Accordion/> with populated data 1`] = `
<div
  class="accordion__Container-sc-1lvdcg-0 eMxVwL"
>
  <div
    class="accordion__Inner-sc-1lvdcg-1 kdJKdM"
  >
    <h1
      class="accordion__Title-sc-1lvdcg-5 dPgPv"
    >
       Frequently Asked Questions 
       
    </h1>
    <div
      class="accordion__Item-sc-1lvdcg-2 fDTXFQ"
    >
      <div
        class="accordion__Header-sc-1lvdcg-3 fcOkTQ"
      >
        What is Netflix?
         
        <img
          alt="open"
          src="/images/icons/add.png"
        />
      </div>
    </div>
    <div
      class="accordion__Item-sc-1lvdcg-2 fDTXFQ"
    >
      <div
        class="accordion__Header-sc-1lvdcg-3 fcOkTQ"
      >
        How much does Netflix cost?
         
        <img
          alt="open"
          src="/images/icons/add.png"
        />
      </div>
    </div>
    <div
      class="accordion__Item-sc-1lvdcg-2 fDTXFQ"
    >
      <div
        class="accordion__Header-sc-1lvdcg-3 fcOkTQ"
      >
        Where can I watch?
         
        <img
          alt="open"
          src="/images/icons/add.png"
        />
      </div>
    </div>
    <div
      class="accordion__Item-sc-1lvdcg-2 fDTXFQ"
    >
      <div
        class="accordion__Header-sc-1lvdcg-3 fcOkTQ"
      >
        How do I cancel?
         
        <img
          alt="open"
          src="/images/icons/add.png"
        />
      </div>
    </div>
    <div
      class="accordion__Item-sc-1lvdcg-2 fDTXFQ"
    >
      <div
        class="accordion__Header-sc-1lvdcg-3 fcOkTQ"
      >
        What can I watch on Netflix?
         
        <img
          alt="open"
          src="/images/icons/add.png"
        />
      </div>
    </div>
     
  </div>
</div>
`;
