// Jest Snapshot v1, https://goo.gl/fbAQLP

exports[`description renders the <Player/> witha bunny video 1`] = `
<div
  class="player__Container-sc-1p6c3je-0"
>
  <button
    class="player__Button-sc-1p6c3je-3 eutNRc"
  >
    Play
  </button>
</div>
`;
